{"timestamp": 1788540460609, "out1": "-5.8", "out2": "--", "out3": "--"}
{"timestamp": 1788540460629, "out1": "-5.5", "out2": "--", "out3": "--"}
{"timestamp": 1788540460649, "out1": "-4.3", "out2": "--", "out3": "--"}
{"timestamp": 1788540460669, "out1": "--", "out2": "--", "out3": "--"}
{"timestamp": 1788540460689, "out1": "--", "out2": "--", "out3": "--"}
{"timestamp": 1788540460709, "out1": "-2.0", "out2": "--", "out3": "--"}
{"timestamp": 1788540460729, "out1": "--", "out2": "--", "out3": "--"}
{"timestamp": 1788540460749, "out1": "0.5", "out2": "0.0", "out3": "0.0"}
control: out3=0.000, freq=2000, amp=4000
{"timestamp": 1788540460769, "out1": "1.5", "out2": "--", "out3": "--"}
{"timestamp": 1788540460789, "out1": "1.9", "out2": "--", "out3": "--"}
{"timestamp": 1788540460809, "out1": "3.1", "out2": "--", "out3": "--"}
{"timestamp": 1788540460829, "out1": "--", "out2": "--", "out3": "--"}
{"timestamp": 1788540460849, "out1": "3.8", "out2": "--", "out3": "--"}
{"timestamp": 1788540460869, "out1": "--", "out2": "--", "out3": "--"}
{"timestamp": 1788540460889, "out1": "3.8", "out2": "--", "out3": "--"}
{"timestamp": 1788540460909, "out1": "--", "out2": "--", "out3": "--"}
{"timestamp": 1788540460929, "out1": "2.7", "out2": "--", "out3": "--"}
{"timestamp": 1788540460949, "out1": "--", "out2": "-1.0", "out3": "--"}
{"timestamp": 1788540460969, "out1": "1.5", "out2": "--", "out3": "--"}
{"timestamp": 1788540460989, "out1": "-0.0", "out2": "--", "out3": "--"}
{"timestamp": 1788540461009, "out1": "-0.5", "out2": "--", "out3": "--"}
{"timestamp": 1788540461029, "out1": "--", "out2": "--", "out3": "--"}
{"timestamp": 1788540461049, "out1": "-2.7", "out2": "--", "out3": "--"}
{"timestamp": 1788540461069, "out1": "-3.4", "out2": "--", "out3": "--"}
{"timestamp": 1788540461089, "out1": "-3.8", "out2": "--", "out3": "--"}
{"timestamp": 1788540461109, "out1": "-4.0", "out2": "--", "out3": "--"}
{"timestamp": 1788540461129, "out1": "-3.9", "out2": "--", "out3": "--"}
{"timestamp": 1788540461149, "out1": "-3.6", "out2": "-2.0", "out3": "--"}
{"timestamp": 1788540461169, "out1": "-3.4", "out2": "--", "out3": "--"}
{"timestamp": 1788540461189, "out1": "-2.4", "out2": "--", "out3": "--"}
{"timestamp": 1788540461209, "out1": "--", "out2": "--", "out3": "--"}
{"timestamp": 1788540461229, "out1": "-1.0", "out2": "--", "out3": "--"}
{"timestamp": 1788540461249, "out1": "--", "out2": "--", "out3": "0.0"}
control: out3=0.000, freq=2000, amp=4000
{"timestamp": 1788540461269, "out1": "1.5", "out2": "--", "out3": "--"}
{"timestamp": 1788540461289, "out1": "2.4", "out2": "--", "out3": "--"}
{"timestamp": 1788540461309, "out1": "3.1", "out2": "--", "out3": "--"}
{"timestamp": 1788540461329, "out1": "3.6", "out2": "--", "out3": "--"}
{"timestamp": 1788540461349, "out1": "--", "out2": "-3.0", "out3": "--"}
{"timestamp": 1788540461369, "out1": "4.0", "out2": "--", "out3": "--"}
{"timestamp": 1788540461389, "out1": "--", "out2": "--", "out3": "--"}
{"timestamp": 1788540461409, "out1": "--", "out2": "--", "out3": "--"}
{"timestamp": 1788540461429, "out1": "2.7", "out2": "--", "out3": "--"}
{"timestamp": 1788540461449, "out1": "2.4", "out2": "--", "out3": "--"}
{"timestamp": 1788540461469, "out1": "--", "out2": "--", "out3": "--"}
{"timestamp": 1788540461489, "out1": "--", "out2": "--", "out3": "--"}
{"timestamp": 1788540461509, "out1": "-1.0", "out2": "--", "out3": "--"}
{"timestamp": 1788540461529, "out1": "-1.9", "out2": "--", "out3": "--"}
{"timestamp": 1788540461549, "out1": "--", "out2": "-4.0", "out3": "--"}
{"timestamp": 1788540461569, "out1": "-3.4", "out2": "--", "out3": "--"}
{"timestamp": 1788540461589, "out1": "--", "out2": "--", "out3": "--"}
{"timestamp": 1788540461609, "out1": "--", "out2": "--", "out3": "--"}
{"timestamp": 1788540461629, "out1": "-4.0", "out2": "--", "out3": "--"}
{"timestamp": 1788540461649, "out1": "-3.6", "out2": "--", "out3": "--"}
{"timestamp": 1788540461669, "out1": "-3.4", "out2": "--", "out3": "--"}
{"timestamp": 1788540461689, "out1": "--", "out2": "--", "out3": "--"}
{"timestamp": 1788540461709, "out1": "-1.9", "out2": "--", "out3": "--"}
{"timestamp": 1788540461729, "out1": "--", "out2": "--", "out3": "--"}
{"timestamp": 1788540461749, "out1": "0.5", "out2": "-5.0", "out3": "0.0"}
control: out3=0.000, freq=2000, amp=4000
{"timestamp": 1788540461769, "out1": "--", "out2": "--", "out3": "--"}
{"timestamp": 1788540461789, "out1": "2.4", "out2": "--", "out3": "--"}
{"timestamp": 1788540461809, "out1": "2.7", "out2": "--", "out3": "--"}
{"timestamp": 1788540461829, "out1": "3.4", "out2": "--", "out3": "--"}
{"timestamp": 1788540461849, "out1": "--", "out2": "--", "out3": "--"}
{"timestamp": 1788540461869, "out1": "--", "out2": "--", "out3": "--"}
{"timestamp": 1788540461889, "out1": "3.8", "out2": "--", "out3": "--"}
{"timestamp": 1788540461909, "out1": "--", "out2": "--", "out3": "--"}
{"timestamp": 1788540461929, "out1": "--", "out2": "--", "out3": "--"}
{"timestamp": 1788540461949, "out1": "2.4", "out2": "-4.0", "out3": "--"}
{"timestamp": 1788540461969, "out1": "1.0", "out2": "--", "out3": "--"}
{"timestamp": 1788540461989, "out1": "0.5", "out2": "--", "out3": "--"}
{"timestamp": 1788540462009, "out1": "--", "out2": "--", "out3": "--"}
{"timestamp": 1788540462029, "out1": "-1.9", "out2": "--", "out3": "--"}
{"timestamp": 1788540462049, "out1": "-2.4", "out2": "--", "out3": "--"}
{"timestamp": 1788540462069, "out1": "-3.4", "out2": "--", "out3": "--"}
{"timestamp": 1788540462089, "out1": "--", "out2": "--", "out3": "--"}
{"timestamp": 1788540462109, "out1": "--", "out2": "--", "out3": "--"}
{"timestamp": 1788540462129, "out1": "-3.9", "out2": "--", "out3": "--"}
{"timestamp": 1788540462149, "out1": "-3.8", "out2": "-3.0", "out3": "--"}
{"timestamp": 1788540462169, "out1": "-3.1", "out2": "--", "out3": "--"}
{"timestamp": 1788540462189, "out1": "-2.4", "out2": "--", "out3": "--"}
{"timestamp": 1788540462209, "out1": "-1.5", "out2": "--", "out3": "--"}
{"timestamp": 1788540462229, "out1": "--", "out2": "--", "out3": "--"}
{"timestamp": 1788540462249, "out1": "0.0", "out2": "--", "out3": "0.0"}
control: out3=0.000, freq=2000, amp=4000
{"timestamp": 1788540462269, "out1": "1.5", "out2": "--", "out3": "--"}
{"timestamp": 1788540462289, "out1": "1.9", "out2": "--", "out3": "--"}
{"timestamp": 1788540462309, "out1": "3.1", "out2": "--", "out3": "--"}
{"timestamp": 1788540462329, "out1": "3.6", "out2": "--", "out3": "--"}
{"timestamp": 1788540462349, "out1": "3.8", "out2": "-2.0", "out3": "--"}
{"timestamp": 1788540462369, "out1": "4.0", "out2": "--", "out3": "--"}
{"timestamp": 1788540462389, "out1": "3.8", "out2": "--", "out3": "--"}
{"timestamp": 1788540462409, "out1": "3.4", "out2": "--", "out3": "--"}
{"timestamp": 1788540462429, "out1": "--", "out2": "--", "out3": "--"}
{"timestamp": 1788540462449, "out1": "1.9", "out2": "--", "out3": "--"}
{"timestamp": 1788540462469, "out1": "1.5", "out2": "--", "out3": "--"}
{"timestamp": 1788540462489, "out1": "0.5", "out2": "--", "out3": "--"}
{"timestamp": 1788540462509, "out1": "-0.5", "out2": "--", "out3": "--"}
{"timestamp": 1788540462529, "out1": "-1.9", "out2": "--", "out3": "--"}
{"timestamp": 1788540462549, "out1": "-2.7", "out2": "-1.0", "out3": "--"}
{"timestamp": 1788540462569, "out1": "--", "out2": "--", "out3": "--"}
{"timestamp": 1788540462589, "out1": "-3.8", "out2": "--", "out3": "--"}
{"timestamp": 1788540462609, "out1": "-3.9", "out2": "--", "out3": "--"}
{"timestamp": 1788540462629, "out1": "-4.0", "out2": "--", "out3": "--"}
{"timestamp": 1788540462649, "out1": "-3.6", "out2": "--", "out3": "--"}
{"timestamp": 1788540462669, "out1": "-3.1", "out2": "--", "out3": "--"}
{"timestamp": 1788540462689, "out1": "-2.4", "out2": "--", "out3": "--"}
{"timestamp": 1788540462709, "out1": "-1.5", "out2": "--", "out3": "--"}
{"timestamp": 1788540462729, "out1": "--", "out2": "--", "out3": "--"}
{"timestamp": 1788540462749, "out1": "--", "out2": "-0.0", "out3": "0.0"}
control: out3=0.000, freq=2000, amp=4000
{"timestamp": 1788540462769, "out1": "1.0", "out2": "--", "out3": "--"}
{"timestamp": 1788540462789, "out1": "2.4", "out2": "--", "out3": "--"}
{"timestamp": 1788540462809, "out1": "2.7", "out2": "--", "out3": "--"}
{"timestamp": 1788540462829, "out1": "--", "out2": "--", "out3": "--"}
{"timestamp": 1788540462849, "out1": "--", "out2": "--", "out3": "--"}
{"timestamp": 1788540462869, "out1": "--", "out2": "--", "out3": "--"}
{"timestamp": 1788540462889, "out1": "3.8", "out2": "--", "out3": "--"}
{"timestamp": 1788540462909, "out1": "--", "out2": "--", "out3": "--"}
{"timestamp": 1788540462929, "out1": "2.7", "out2": "--", "out3": "--"}
{"timestamp": 1788540462949, "out1": "2.4", "out2": "1.0", "out3": "--"}
{"timestamp": 1788540462969, "out1": "--", "out2": "--", "out3": "--"}
{"timestamp": 1788540462989, "out1": "-0.0", "out2": "--", "out3": "--"}
{"timestamp": 1788540463009, "out1": "-1.0", "out2": "--", "out3": "--"}
{"timestamp": 1788540463029, "out1": "-1.9", "out2": "--", "out3": "--"}
{"timestamp": 1788540463049, "out1": "--", "out2": "--", "out3": "--"}
{"timestamp": 1788540463069, "out1": "-3.1", "out2": "--", "out3": "--"}
{"timestamp": 1788540463089, "out1": "--", "out2": "--", "out3": "--"}
{"timestamp": 1788540463109, "out1": "--", "out2": "--", "out3": "--"}
{"timestamp": 1788540463129, "out1": "-4.0", "out2": "--", "out3": "--"}
{"timestamp": 1788540463149, "out1": "-3.8", "out2": "2.0", "out3": "--"}
{"timestamp": 1788540463169, "out1": "-3.1", "out2": "--", "out3": "--"}
{"timestamp": 1788540463189, "out1": "-2.4", "out2": "--", "out3": "--"}
{"timestamp": 1788540463209, "out1": "-1.9", "out2": "--", "out3": "--"}
{"timestamp": 1788540463229, "out1": "--", "out2": "--", "out3": "--"}
{"timestamp": 1788540463249, "out1": "0.5", "out2": "--", "out3": "0.0"}
control: out3=0.000, freq=2000, amp=4000
{"timestamp": 1788540463269, "out1": "1.0", "out2": "--", "out3": "--"}
{"timestamp": 1788540463289, "out1": "1.9", "out2": "--", "out3": "--"}
{"timestamp": 1788540463309, "out1": "2.7", "out2": "--", "out3": "--"}
{"timestamp": 1788540463329, "out1": "--", "out2": "--", "out3": "--"}
{"timestamp": 1788540463349, "out1": "--", "out2": "3.0", "out3": "--"}
{"timestamp": 1788540463369, "out1": "4.0", "out2": "--", "out3": "--"}
{"timestamp": 1788540463389, "out1": "3.8", "out2": "--", "out3": "--"}
{"timestamp": 1788540463409, "out1": "--", "out2": "--", "out3": "--"}
{"timestamp": 1788540463429, "out1": "3.1", "out2": "--", "out3": "--"}
{"timestamp": 1788540463449, "out1": "1.9", "out2": "--", "out3": "--"}
{"timestamp": 1788540463469, "out1": "--", "out2": "--", "out3": "--"}
{"timestamp": 1788540463489, "out1": "--", "out2": "--", "out3": "--"}
{"timestamp": 1788540463509, "out1": "-1.0", "out2": "--", "out3": "--"}
{"timestamp": 1788540463529, "out1": "-1.9", "out2": "--", "out3": "--"}
{"timestamp": 1788540463549, "out1": "--", "out2": "4.0", "out3": "--"}
{"timestamp": 1788540463569, "out1": "-3.1", "out2": "--", "out3": "--"}
{"timestamp": 1788540463589, "out1": "-3.8", "out2": "--", "out3": "--"}
{"timestamp": 1788540463609, "out1": "-4.0", "out2": "--", "out3": "--"}
{"timestamp": 1788540463629, "out1": "--", "out2": "--", "out3": "--"}
{"timestamp": 1788540463649, "out1": "--", "out2": "--", "out3": "--"}
{"timestamp": 1788540463669, "out1": "--", "out2": "--", "out3": "--"}
{"timestamp": 1788540463689, "out1": "-2.4", "out2": "--", "out3": "--"}
{"timestamp": 1788540463709, "out1": "-1.9", "out2": "--", "out3": "--"}
{"timestamp": 1788540463729, "out1": "-1.0", "out2": "--", "out3": "--"}
{"timestamp": 1788540463749, "out1": "0.0", "out2": "5.0", "out3": "0.0"}
control: out3=0.000, freq=2000, amp=4000
{"timestamp": 1788540463769, "out1": "1.5", "out2": "--", "out3": "--"}
{"timestamp": 1788540463789, "out1": "1.9", "out2": "--", "out3": "--"}
{"timestamp": 1788540463809, "out1": "2.7", "out2": "--", "out3": "--"}
{"timestamp": 1788540463829, "out1": "--", "out2": "--", "out3": "--"}
{"timestamp": 1788540463849, "out1": "3.9", "out2": "--", "out3": "--"}
{"timestamp": 1788540463869, "out1": "--", "out2": "--", "out3": "--"}
{"timestamp": 1788540463889, "out1": "3.8", "out2": "--", "out3": "--"}
{"timestamp": 1788540463909, "out1": "--", "out2": "--", "out3": "--"}
{"timestamp": 1788540463929, "out1": "--", "out2": "--", "out3": "--"}
{"timestamp": 1788540463949, "out1": "1.9", "out2": "4.0", "out3": "--"}
{"timestamp": 1788540463969, "out1": "1.0", "out2": "--", "out3": "--"}
{"timestamp": 1788540463989, "out1": "0.5", "out2": "--", "out3": "--"}
{"timestamp": 1788540464009, "out1": "-0.5", "out2": "--", "out3": "--"}
{"timestamp": 1788540464029, "out1": "--", "out2": "--", "out3": "--"}
{"timestamp": 1788540464049, "out1": "--", "out2": "--", "out3": "--"}
{"timestamp": 1788540464069, "out1": "-3.1", "out2": "--", "out3": "--"}
{"timestamp": 1788540464089, "out1": "-3.6", "out2": "--", "out3": "--"}
{"timestamp": 1788540464109, "out1": "--", "out2": "--", "out3": "--"}
{"timestamp": 1788540464129, "out1": "--", "out2": "--", "out3": "--"}
{"timestamp": 1788540464149, "out1": "--", "out2": "3.0", "out3": "--"}
{"timestamp": 1788540464169, "out1": "--", "out2": "--", "out3": "--"}
{"timestamp": 1788540464189, "out1": "-2.4", "out2": "--", "out3": "--"}
{"timestamp": 1788540464209, "out1": "--", "out2": "--", "out3": "--"}
{"timestamp": 1788540464229, "out1": "-0.5", "out2": "--", "out3": "--"}
{"timestamp": 1788540464249, "out1": "0.5", "out2": "--", "out3": "0.0"}
control: out3=0.000, freq=2000, amp=4000
{"timestamp": 1788540464269, "out1": "1.5", "out2": "--", "out3": "--"}
{"timestamp": 1788540464289, "out1": "1.9", "out2": "--", "out3": "--"}
{"timestamp": 1788540464309, "out1": "--", "out2": "--", "out3": "--"}
{"timestamp": 1788540464329, "out1": "3.4", "out2": "--", "out3": "--"}
{"timestamp": 1788540464349, "out1": "3.9", "out2": "2.0", "out3": "--"}
{"timestamp": 1788540464369, "out1": "--", "out2": "--", "out3": "--"}
{"timestamp": 1788540464389, "out1": "3.8", "out2": "--", "out3": "--"}
{"timestamp": 1788540464409, "out1": "--", "out2": "--", "out3": "--"}
{"timestamp": 1788540464429, "out1": "3.1", "out2": "--", "out3": "--"}
{"timestamp": 1788540464449, "out1": "1.9", "out2": "--", "out3": "--"}
{"timestamp": 1788540464469, "out1": "1.5", "out2": "--", "out3": "--"}
{"timestamp": 1788540464489, "out1": "--", "out2": "--", "out3": "--"}
{"timestamp": 1788540464509, "out1": "--", "out2": "--", "out3": "--"}
{"timestamp": 1788540464529, "out1": "--", "out2": "--", "out3": "--"}
{"timestamp": 1788540464549, "out1": "-2.7", "out2": "1.0", "out3": "--"}
{"timestamp": 1788540464569, "out1": "-3.1", "out2": "--", "out3": "--"}
{"timestamp": 1788540464589, "out1": "--", "out2": "--", "out3": "--"}
{"timestamp": 1788540464609, "out1": "-4.0", "out2": "--", "out3": "--"}
{"timestamp": 1788540464629, "out1": "-4.0", "out2": "--", "out3": "--"}
{"timestamp": 1788540464649, "out1": "--", "out2": "--", "out3": "--"}
{"timestamp": 1788540464669, "out1": "-3.4", "out2": "--", "out3": "--"}
{"timestamp": 1788540464689, "out1": "--", "out2": "--", "out3": "--"}
{"timestamp": 1788540464709, "out1": "--", "out2": "--", "out3": "--"}
{"timestamp": 1788540464729, "out1": "-0.5", "out2": "--", "out3": "--"}
{"timestamp": 1788540464749, "out1": "0.5", "out2": "0.0", "out3": "5.0"}
control: out3=5.000, freq=1000, amp=8000
{"timestamp": 1788540464769, "out1": "1.5", "out2": "--", "out3": "--"}
{"timestamp": 1788540464789, "out1": "2.0", "out2": "--", "out3": "--"}
{"timestamp": 1788540464809, "out1": "--", "out2": "--", "out3": "--"}
{"timestamp": 1788540464829, "out1": "4.3", "out2": "--", "out3": "--"}
{"timestamp": 1788540464849, "out1": "4.7", "out2": "--", "out3": "--"}
{"timestamp": 1788540464869, "out1": "5.5", "out2": "--", "out3": "--"}
{"timestamp": 1788540464889, "out1": "6.5", "out2": "--", "out3": "--"}
{"timestamp": 1788540464909, "out1": "--", "out2": "--", "out3": "--"}
{"timestamp": 1788540464929, "out1": "--", "out2": "--", "out3": "--"}
{"timestamp": 1788540464949, "out1": "--", "out2": "-1.0", "out3": "--"}
{"timestamp": 1788540464969, "out1": "7.9", "out2": "--", "out3": "--"}
{"timestamp": 1788540464989, "out1": "8.0", "out2": "--", "out3": "--"}
{"timestamp": 1788540465009, "out1": "--", "out2": "--", "out3": "--"}
{"timestamp": 1788540465029, "out1": "--", "out2": "--", "out3": "--"}
{"timestamp": 1788540465049, "out1": "7.6", "out2": "--", "out3": "--"}
{"timestamp": 1788540465069, "out1": "7.0", "out2": "--", "out3": "--"}
{"timestamp": 1788540465089, "out1": "6.5", "out2": "--", "out3": "--"}
{"timestamp": 1788540465109, "out1": "5.8", "out2": "--", "out3": "--"}
{"timestamp": 1788540465129, "out1": "5.5", "out2": "--", "out3": "--"}
{"timestamp": 1788540465149, "out1": "--", "out2": "-2.0", "out3": "--"}
{"timestamp": 1788540465169, "out1": "3.9", "out2": "--", "out3": "--"}
{"timestamp": 1788540465189, "out1": "2.5", "out2": "--", "out3": "--"}
{"timestamp": 1788540465209, "out1": "1.5", "out2": "--", "out3": "--"}
{"timestamp": 1788540465229, "out1": "1.0", "out2": "--", "out3": "--"}
{"timestamp": 1788540465249, "out1": "-0.5", "out2": "--", "out3": "5.0"}
control: out3=5.000, freq=1000, amp=8000
{"timestamp": 1788540465269, "out1": "-1.0", "out2": "--", "out3": "--"}
{"timestamp": 1788540465289, "out1": "-2.5", "out2": "--", "out3": "--"}
{"timestamp": 1788540465309, "out1": "--", "out2": "--", "out3": "--"}
{"timestamp": 1788540465329, "out1": "-4.3", "out2": "--", "out3": "--"}
{"timestamp": 1788540465349, "out1": "-5.1", "out2": "-3.0", "out3": "--"}
{"timestamp": 1788540465369, "out1": "--", "out2": "--", "out3": "--"}
{"timestamp": 1788540465389, "out1": "--", "out2": "--", "out3": "--"}
{"timestamp": 1788540465409, "out1": "-7.0", "out2": "--", "out3": "--"}
{"timestamp": 1788540465429, "out1": "-7.4", "out2": "--", "out3": "--"}
{"timestamp": 1788540465449, "out1": "--", "out2": "--", "out3": "--"}
{"timestamp": 1788540465469, "out1": "-7.9", "out2": "--", "out3": "--"}
{"timestamp": 1788540465489, "out1": "-8.0", "out2": "--", "out3": "--"}
{"timestamp": 1788540465509, "out1": "--", "out2": "--", "out3": "--"}
{"timestamp": 1788540465529, "out1": "-7.9", "out2": "--", "out3": "--"}
{"timestamp": 1788540465549, "out1": "-7.6", "out2": "--", "out3": "--"}
{"timestamp": 1788540465569, "out1": "-7.0", "out2": "--", "out3": "--"}
{"timestamp": 1788540465589, "out1": "-6.8", "out2": "--", "out3": "--"}
{"timestamp": 1788540465609, "out1": "-6.2", "out2": "--", "out3": "--"}
{"timestamp": 1788540465629, "out1": "-5.5", "out2": "--", "out3": "--"}
{"timestamp": 1788540465649, "out1": "--", "out2": "--", "out3": "--"}
{"timestamp": 1788540465669, "out1": "-3.9", "out2": "--", "out3": "--"}
{"timestamp": 1788540465689, "out1": "-2.5", "out2": "--", "out3": "--"}
{"timestamp": 1788540465709, "out1": "--", "out2": "--", "out3": "--"}
{"timestamp": 1788540465729, "out1": "-0.5", "out2": "--", "out3": "--"}
{"timestamp": 1788540465749, "out1": "0.5", "out2": "-5.0", "out3": "5.0"}
control: out3=5.000, freq=1000, amp=8000
{"timestamp": 1788540465769, "out1": "1.0", "out2": "--", "out3": "--"}
{"timestamp": 1788540465789, "out1": "2.5", "out2": "--", "out3": "--"}
{"timestamp": 1788540465809, "out1": "2.9", "out2": "--", "out3": "--"}
{"timestamp": 1788540465829, "out1": "3.9", "out2": "--", "out3": "--"}
{"timestamp": 1788540465849, "out1": "5.1", "out2": "--", "out3": "--"}
{"timestamp": 1788540465869, "out1": "--", "out2": "--", "out3": "--"}
{"timestamp": 1788540465889, "out1": "--", "out2": "--", "out3": "--"}
{"timestamp": 1788540465909, "out1": "--", "out2": "--", "out3": "--"}
{"timestamp": 1788540465929, "out1": "--", "out2": "--", "out3": "--"}
{"timestamp": 1788540465949, "out1": "7.6", "out2": "-4.0", "out3": "--"}
{"timestamp": 1788540465969, "out1": "--", "out2": "--", "out3": "--"}
{"timestamp": 1788540465989, "out1": "8.0", "out2": "--", "out3": "--"}
{"timestamp": 1788540466009, "out1": "8.0", "out2": "--", "out3": "--"}
{"timestamp": 1788540466029, "out1": "--", "out2": "--", "out3": "--"}
{"timestamp": 1788540466049, "out1": "7.4", "out2": "--", "out3": "--"}
{"timestamp": 1788540466069, "out1": "--", "out2": "--", "out3": "--"}
{"timestamp": 1788540466089, "out1": "6.8", "out2": "--", "out3": "--"}
{"timestamp": 1788540466109, "out1": "--", "out2": "--", "out3": "--"}
{"timestamp": 1788540466129, "out1": "5.1", "out2": "--", "out3": "--"}
{"timestamp": 1788540466149, "out1": "4.3