{"timestamp": 1788442755629, "out1": "-4.7", "out2": "--", "out3": "--"}
{"timestamp": 1788442755729, "out1": "-3.8", "out2": "--", "out3": "--"}
{"timestamp": 1788442755829, "out1": "-2.3", "out2": "4.0", "out3": "--"}
{"timestamp": 1788442755929, "out1": "-0.9", "out2": "--", "out3": "--"}
{"timestamp": 1788442756029, "out1": "--", "out2": "5.0", "out3": "0.0"}
{"timestamp": 1788442756129, "out1": "2.0", "out2": "--", "out3": "--"}
{"timestamp": 1788442756229, "out1": "2.9", "out2": "4.0", "out3": "--"}
{"timestamp": 1788442756329, "out1": "4.4", "out2": "--", "out3": "--"}
{"timestamp": 1788442756429, "out1": "4.8", "out2": "3.0", "out3": "--"}
{"timestamp": 1788442756529, "out1": "5.0", "out2": "--", "out3": "5.0"}
{"timestamp": 1788442756629, "out1": "4.6", "out2": "2.0", "out3": "--"}
{"timestamp": 1788442756729, "out1": "3.5", "out2": "--", "out3": "--"}
{"timestamp": 1788442756829, "out1": "2.8", "out2": "1.0", "out3": "--"}
{"timestamp": 1788442756929, "out1": "1.7", "out2": "--", "out3": "--"}
{"timestamp": 1788442757029, "out1": "-0.5", "out2": "0.0", "out3": "5.0"}
{"timestamp": 1788442757129, "out1": "-1.7", "out2": "--", "out3": "--"}
{"timestamp": 1788442757229, "out1": "-3.3", "out2": "-1.0", "out3": "--"}
{"timestamp": 1788442757329, "out1": "-4.2", "out2": "--", "out3": "--"}
{"timestamp": 1788442757429, "out1": "-4.9", "out2": "-2.0", "out3": "--"}
{"timestamp": 1788442757529, "out1": "-5.0", "out2": "--", "out3": "5.0"}
{"timestamp": 1788442757629, "out1": "-4.6", "out2": "-3.0", "out3": "--"}
{"timestamp": 1788442757729, "out1": "-3.6", "out2": "--", "out3": "--"}
{"timestamp": 1788442757829, "out1": "-2.4", "out2": "-4.0", "out3": "--"}
{"timestamp": 1788442757929, "out1": "-0.8", "out2": "--", "out3": "--"}
{"timestamp": 1788442758029, "out1": "0.2", "out2": "-5.0", "out3": "5.0"}
{"timestamp": 1788442758129, "out1": "2.1", "out2": "--", "out3": "--"}
{"timestamp": 1788442758229, "out1": "3.5", "out2": "-4.0", "out3": "--"}
{"timestamp": 1788442758329, "out1": "4.5", "out2": "--", "out3": "--"}
{"timestamp": 1788442758429, "out1": "4.9", "out2": "-3.0", "out3": "--"}
{"timestamp": 1788442758529, "out1": "4.9", "out2": "--", "out3": "5.0"}
{"timestamp": 1788442758629, "out1": "4.8", "out2": "-2.0", "out3": "--"}
{"timestamp": 1788442758729, "out1": "3.6", "out2": "--", "out3": "--"}
{"timestamp": 1788442758829, "out1": "2.3", "out2": "-1.0", "out3": "--"}
{"timestamp": 1788442758929, "out1": "1.5", "out2": "--", "out3": "--"}
{"timestamp": 1788442759029, "out1": "-0.6", "out2": "-0.0", "out3": "5.0"}
{"timestamp": 1788442759129, "out1": "-2.1", "out2": "--", "out3": "--"}
{"timestamp": 1788442759229, "out1": "-3.3", "out2": "1.0", "out3": "--"}
{"timestamp": 1788442759329, "out1": "-4.4", "out2": "--", "out3": "--"}
{"timestamp": 1788442759429, "out1": "-4.9", "out2": "2.0", "out3": "--"}
{"timestamp": 1788442759529, "out1": "-4.9", "out2": "--", "out3": "5.0"}
{"timestamp": 1788442759629, "out1": "-4.5", "out2": "3.0", "out3": "--"}
{"timestamp": 1788442759729, "out1": "-3.9", "out2": "--", "out3": "--"}
{"timestamp": 1788442759829, "out1": "-2.3", "out2": "4.0", "out3": "--"}
{"timestamp": 1788442759929, "out1": "-1.8", "out2": "--", "out3": "--"}
{"timestamp": 1788442760029, "out1": "0.5", "out2": "5.0", "out3": "5.0"}
{"timestamp": 1788442760129, "out1": "1.8", "out2": "--", "out3": "--"}
{"timestamp": 1788442760229, "out1": "3.2", "out2": "4.0", "out3": "--"}
{"timestamp": 1788442760329, "out1": "4.5", "out2": "--", "out3": "--"}
{"timestamp": 1788442760429, "out1": "4.8", "out2": "3.0", "out3": "--"}
{"timestamp": 1788442760529, "out1": "4.9", "out2": "--", "out3": "0.0"}
{"timestamp": 1788442760629, "out1": "4.5", "out2": "2.0", "out3": "--"}
{"timestamp": 1788442760729, "out1": "3.5", "out2": "--", "out3": "--"}
{"timestamp": 1788442760829, "out1": "2.5", "out2": "1.0", "out3": "--"}
{"timestamp": 1788442760929, "out1": "0.9", "out2": "--", "out3": "--"}
{"timestamp": 1788442761029, "out1": "-0.5", "out2": "0.0", "out3": "0.0"}
{"timestamp": 1788442761129, "out1": "-1.2", "out2": "--", "out3": "--"}
{"timestamp": 1788442761229, "out1": "-3.4", "out2": "-1.0", "out3": "--"}
{"timestamp": 1788442761329, "out1": "-4.5", "out2": "--", "out3": "--"}
{"timestamp": 1788442761429, "out1": "-4.6", "out2": "-2.0", "out3": "--"}
{"timestamp": 1788442761530, "out1": "-5.0", "out2": "--", "out3": "0.0"}
{"timestamp": 1788442761629, "out1": "-4.7", "out2": "-3.0", "out3": "--"}
{"timestamp": 1788442761729, "out1": "-3.8", "out2": "--", "out3": "--"}
{"timestamp": 1788442761829, "out1": "-2.3", "out2": "-4.0", "out3": "--"}
{"timestamp": 1788442761929, "out1": "-1.5", "out2": "--", "out3": "--"}
{"timestamp": 1788442762029, "out1": "0.3", "out2": "-5.0", "out3": "0.0"}
{"timestamp": 1788442762129, "out1": "1.5", "out2": "--", "out3": "--"}
{"timestamp": 1788442762229, "out1": "3.5", "out2": "-4.0", "out3": "--"}
{"timestamp": 1788442762329, "out1": "4.3", "out2": "--", "out3": "--"}
{"timestamp": 1788442762429, "out1": "4.9", "out2": "-3.0", "out3": "--"}
{"timestamp": 1788442762529, "out1": "5.0", "out2": "--", "out3": "0.0"}
{"timestamp": 1788442762629, "out1": "4.6", "out2": "-2.0", "out3": "--"}
{"timestamp": 1788442762729, "out1": "3.6", "out2": "--", "out3": "--"}
{"timestamp": 1788442762829, "out1": "2.4", "out2": "-1.0", "out3": "--"}
{"timestamp": 1788442762929, "out1": "0.9", "out2": "--", "out3": "--"}
{"timestamp": 1788442763029, "out1": "-0.8", "out2": "-0.0", "out3": "0.0"}
{"timestamp": 1788442763129, "out1": "-2.0", "out2": "--", "out3": "--"}
{"timestamp": 1788442763229, "out1": "-3.4", "out2": "1.0", "out3": "--"}
{"timestamp": 1788442763329, "out1": "-4.4", "out2": "--", "out3": "--"}
{"timestamp": 1788442763429, "out1": "-4.6", "out2": "2.0", "out3": "--"}
{"timestamp": 1788442763529, "out1": "-4.9", "out2": "--", "out3": "5.0"}
{"timestamp": 1788442763629, "out1": "-4.5", "out2": "3.0", "out3": "--"}
{"timestamp": 1788442763729, "out1": "-3.5", "out2": "--", "out3": "--"}
{"timestamp": 1788442763829, "out1": "-2.5", "out2": "4.0", "out3": "--"}
{"timestamp": 1788442763929, "out1": "-0.9", "out2": "--", "out3": "--"}
{"timestamp": 1788442764029, "out1": "0.6", "out2": "5.0", "out3": "5.0"}
{"timestamp": 1788442764129, "out1": "1.7", "out2": "--", "out3": "--"}
{"timestamp": 1788442764229, "out1": "3.2", "out2": "4.0", "out3": "--"}
{"timestamp": 1788442764329, "out1": "4.4", "out2": "--", "out3": "--"}
{"timestamp": 1788442764429, "out1": "4.9", "out2": "--", "out3": "--"}
{"timestamp": 1788442764529, "out1": "4.9", "out2": "--", "out3": "5.0"}
{"timestamp": 1788442764629, "out1": "4.6", "out2": "2.0", "out3": "--"}
{"timestamp": 1788442764729, "out1": "3.9", "out2": "--", "out3": "--"}
{"timestamp": 1788442764829, "out1": "2.4", "out2": "1.0", "out3": "--"}
{"timestamp": 1788442764929, "out1": "1.2", "out2": "--", "out3": "--"}
{"timestamp": 1788442765029, "out1": "-0.0", "out2": "--", "out3": "5.0"}
{"timestamp": 1788442765129, "out1": "-2.3", "out2": "--", "out3": "--"}
{"timestamp": 1788442765229, "out1": "-3.4", "out2": "-1.0", "out3": "--"}
{"timestamp": 1788442765329, "out1": "-4.0", "out2": "--", "out3": "--"}
{"timestamp": 1788442765429, "out1": "-4.8", "out2": "-2.0", "out3": "--"}
{"timestamp": 1788442765529, "out1": "-5.0", "out2": "--", "out3": "5.0"}
{"timestamp": 1788442765629, "out1": "-4.5", "out2": "-3.0", "out3": "--"}
{"timestamp": 1788442765729, "out1": "-3.8", "out2": "--", "out3": "--"}
{"timestamp": 1788442765829, "out1": "-2.4", "out2": "-4.0", "out3": "--"}
{"timestamp": 1788442765929, "out1": "-0.9", "out2": "--", "out3": "--"}
{"timestamp": 1788442766029, "out1": "0.8", "out2": "-5.0", "out3": "5.0"}
{"timestamp": 1788442766129, "out1": "1.7", "out2": "--", "out3": "--"}
{"timestamp": 1788442766229, "out1": "3.1", "out2": "-4.0", "out3": "--"}
{"timestamp": 1788442766329, "out1": "4.4", "out2": "--", "out3": "--"}
{"timestamp": 1788442766429, "out1": "4.8", "out2": "-3.0", "out3": "--"}
{"timestamp": 1788442766529, "out1": "5.0", "out2": "--", "out3": "5.0"}
{"timestamp": 1788442766629, "out1": "4.6", "out2": "-2.0", "out3": "--"}
{"timestamp": 1788442766729, "out1": "3.5", "out2": "--", "out3": "--"}
{"timestamp": 1788442766829, "out1": "2.4", "out2": "-1.0", "out3": "--"}
{"timestamp": 1788442766929, "out1": "0.8", "out2": "--", "out3": "--"}
{"timestamp": 1788442767029, "out1": "0.3", "out2": "-0.0", "out3": "5.0"}
{"timestamp": 1788442767129, "out1": "-1.8", "out2": "--", "out3": "--"}
{"timestamp": 1788442767229, "out1": "-3.4", "out2": "1.0", "out3": "--"}
{"timestamp": 1788442767329, "out1": "-4.4", "out2": "--", "out3": "--"}
{"timestamp": 1788442767429, "out1": "-4.8", "out2": "2.0", "out3": "--"}
{"timestamp": 1788442767529, "out1": "-5.0", "out2": "--", "out3": "0.0"}
{"timestamp": 1788442767629, "out1": "-4.5", "out2": "3.0", "out3": "--"}
{"timestamp": 1788442767729, "out1": "-4.0", "out2": "--", "out3": "--"}
{"timestamp": 1788442767829, "out1": "-2.4", "out2": "4.0", "out3": "--"}
{"timestamp": 1788442767929, "out1": "-0.8", "out2": "--", "out3": "--"}
{"timestamp": 1788442768029, "out1": "-0.3", "out2": "5.0", "out3": "0.0"}
{"timestamp": 1788442768129, "out1": "2.3", "out2": "--", "out3": "--"}
{"timestamp": 1788442768228, "out1": "3.4", "out2": "4.0", "out3": "--"}
{"timestamp": 1788442768328, "out1": "4.4", "out2": "--", "out3": "--"}
{"timestamp": 1788442768428, "out1": "4.9", "out2": "3.0", "out3": "--"}
{"timestamp": 1788442768528, "out1": "5.0", "out2": "--", "out3": "0.0"}
{"timestamp": 1788442768628, "out1": "4.7", "out2": "2.0", "out3": "--"}
{"timestamp": 1788442768728, "out1": "3.6", "out2": "--", "out3": "--"}
{"timestamp": 1788442768828, "out1": "2.5", "out2": "1.0", "out3": "--"}
{"timestamp": 1788442768928, "out1": "0.8", "out2": "--", "out3": "--"}
{"timestamp": 1788442769028, "out1": "-0.8", "out2": "0.0", "out3": "0.0"}
{"timestamp": 1788442769128, "out1": "-2.1", "out2": "--", "out3": "--"}
{"timestamp": 1788442769228, "out1": "-3.2", "out2": "-1.0", "out3": "--"}
{"timestamp": 1788442769328, "out1": "-4.2", "out2": "--", "out3": "--"}
{"timestamp": 1788442769428, "out1": "-4.8", "out2": "-2.0", "out3": "--"}
{"timestamp": 1788442769528, "out1": "-5.0", "out2": "--", "out3": "5.0"}
{"timestamp": 1788442769628, "out1": "-4.5", "out2": "-3.0", "out3": "--"}
{"timestamp": 1788442769728, "out1": "-3.8", "out2": "--", "out3": "--"}
{"timestamp": 1788442769828, "out1": "-2.7", "out2": "-4.0", "out3": "--"}
{"timestamp": 1788442769928, "out1": "-1.5", "out2": "--", "out3": "--"}
{"timestamp": 1788442770028, "out1": "0.3", "out2": "-5.0", "out3": "5.0"}
{"timestamp": 1788442770128, "out1": "2.0", "out2": "--", "out3": "--"}
{"timestamp": 1788442770228, "out1": "3.3", "out2": "-4.0", "out3": "--"}
{"timestamp": 1788442770328, "out1": "4.3", "out2": "--", "out3": "--"}
{"timestamp": 1788442770428, "out1": "4.8", "out2": "-3.0", "out3": "--"}
{"timestamp": 1788442770528, "out1": "5.0", "out2": "--", "out3": "5.0"}
{"timestamp": 1788442770628, "out1": "4.6", "out2": "-2.0", "out3": "--"}
{"timestamp": 1788442770728, "out1": "3.6", "out2": "--", "out3": "--"}
{"timestamp": 1788442770828, "out1": "2.5", "out2": "-1.0", "out3": "--"}
{"timestamp": 1788442770928, "out1": "2.0", "out2": "--", "out3": "--"}
{"timestamp": 1788442771028, "out1": "-0.3", "out2": "-0.0", "out3": "5.0"}
{"timestamp": 1788442771128, "out1": "-2.1", "out2": "--", "out3": "--"}
{"timestamp": 1788442771228, "out1": "-3.5", "out2": "1.0", "out3": "--"}
{"timestamp": 1788442771328, "out1": "-4.3", "out2": "--", "out3": "--"}
{"timestamp": 1788442771428, "out1": "-4.8", "out2": "2.0", "out3": "--"}
{"timestamp": 1788442771528, "out1": "-4.9", "out2": "--", "out3": "0.0"}
{"timestamp": 1788442771628, "out1": "-4.5", "out2": "3.0", "out3": "--"}
{"timestamp": 1788442771728, "out1": "-4.0", "out2": "--", "out3": "--"}
{"timestamp": 1788442771828, "out1": "-2.4", "out2": "4.0", "out3": "--"}
{"timestamp": 1788442771928, "out1": "-1.4", "out2": "--", "out3": "--"}
{"timestamp": 1788442772028, "out1": "0.3", "out2": "5.0", "out3": "0.0"}
{"timestamp": 1788442772128, "out1": "1.8", "out2": "--", "out3": "--"}
{"timestamp": 1788442772228, "out1": "3.5", "out2": "--", "out3": "--"}
{"timestamp": 1788442772328, "out1": "4.4", "out2": "--", "out3": "--"}
{"timestamp": 1788442772428, "out1": "4.9", "out2": "3.0", "out3": "--"}
{"timestamp": 1788442772528, "out1": "5.0", "out2": "--", "out3": "0.0"}
{"timestamp": 1788442772628, "out1": "4.6", "out2": "2.0", "out3": "--"}
{"timestamp": 1788442772728, "out1": "3.8", "out2": "--", "out3": "--"}
{"timestamp": 1788442772828, "out1": "3.1", "out2": "1.0", "out3": "--"}
{"timestamp": 1788442772928, "out1": "0.9", "out2": "--", "out3": "--"}
{"timestamp": 1788442773028, "out1": "--", "out2": "0.0", "out3": "0.0"}
{"timestamp": 1788442773128, "out1": "-2.1", "out2": "--", "out3": "--"}
{"timestamp": 1788442773228, "out1": "-3.3", "out2": "-1.0", "out3": "--"}
{"timestamp": 1788442773328, "out1": "-4.4", "out2": "--", "out3": "--"}
{"timestamp": 1788442773428, "out1": "-4.8", "out2": "-2.0", "out3": "--"}
{"timestamp": 1788442773528, "out1": "-5.0", "out2": "--", "out3": "0.0"}
{"timestamp": 1788442773628, "out1": "-4.6", "out2": "-3.0", "out3": "--"}
{"timestamp": 1788442773728, "out1": "-3.6", "out2": "--", "out3": "--"}
{"timestamp": 1788442773828, "out1": "-2.5", "out2": "-4.0", "out3": "--"}
{"timestamp": 1788442773928, "out1": "-0.8", "out2": "--", "out3": "--"}
{"timestamp": 1788442774028, "out1": "0.5", "out2": "-5.0", "out3": "0.0"}
{"timestamp": 1788442774128, "out1": "1.5", "out2": "--", "out3": "--"}
{"timestamp": 1788442774228, "out1": "3.5", "out2": "-4.0", "out3": "--"}
{"timestamp": 1788442774328, "out1": "4.2", "out2": "--", "out3": "--"}
{"timestamp": 1788442774428, "out1": "4.9", "out2": "-3.0", "out3": "--"}
{"timestamp": 1788442774528, "out1": "5.0", "out2": "--", "out3": "0.0"}
{"timestamp": 1788442774628, "out1": "4.6", "out2": "-2.0", "out3": "--"}
{"timestamp": 1788442774728, "out1": "4.0", "out2": "--", "out3": "--"}
{"timestamp": 1788442774828, "out1": "2.3", "out2": "-1.0", "out3": "--"}
{"timestamp": 1788442774928, "out1": "1.1", "out2": "--", "out3": "--"}
{"timestamp": 1788442775028, "out1": "-0.8", "out2": "-0.0", "out3": "0.0"}
{"timestamp": 1788442775128, "out1": "-1.2", "out2": "--", "out3": "--"}
{"timestamp": 1788442775228, "out1": "-3.4", "out2": "1.0", "out3": "--"}
{"timestamp": 1788442775328, "out1": "-3.6", "out2": "--", "out3": "--"}
{"timestamp": 1788442775428, "out1": "-4.9", "out2": "2.0", "out3": "--"}
{"timestamp": 1788442775528, "out1": "-4.9", "out2": "--", "out3": "0.0"}
{"timestamp": 1788442775628, "out1": "-4.5", "out2": "3.0", "out3": "--"}
{"timestamp": 1788442775728, "out1": "-3.6", "out2": "--", "out3": "--"}
{"timestamp": 1788442775828, "out1": "-2.3", "out2": "4.0", "out3": "--"}
{"timestamp": 1788442775928, "out1": "-1.2", "out2": "--", "out3": "--"}
{"timestamp": 1788442776028, "out1": "0.0", "out2": "--", "out3": "0.0"}
{"timestamp": 1788442776128, "out1": "2.1", "out2": "--", "out3": "--"}
{"timestamp": 1788442776228, "out1": "3.5", "out2": "4.0", "out3": "--"}
{"timestamp": 1788442776328, "out1": "4.5", "out2": "--", "out3": "--"}
{"timestamp": 1788442776428, "out1": "4.9", "out2": "3.0", "out3": "--"}
{"timestamp": 1788442776528, "out1": "4.9", "out2": "--", "out3": "5.0"}
{"timestamp": 1788442776628, "out1": "4.6", "out2": "2.0", "out3": "--"}
{"timestamp": 1788442776728, "out1": "3.6", "out2": "--", "out3": "--"}
{"timestamp": 1788442776828, "out1": "2.7", "out2": "1.0", "out3": "--"}
{"timestamp": 1788442776928, "out1": "0.8", "out2": "--", "out3": "--"}
{"timestamp": 1788442777028, "out1": "-0.3", "out2": "0.0", "out3": "5.0"}
{"timestamp": 1788442777128, "out1": "-2.1", "out2": "--", "out3": "--"}
{"timestamp": 1788442777228, "out1": "-3.2", "out2": "-1.0", "out3": "--"}
{"timestamp": 1788442777328, "out1": "-4.4", "out2": "--", "out3": "--"}
{"timestamp": 1788442777428, "out1": "-4.9", "out2": "--", "out3": "--"}
{"timestamp": 1788442777528, "out1": "-5.0", "out2": "--", "out3": "5.0"}
{"timestamp": 1788442777628, "out1": "-4.8", "out2": "-3.0", "out3": "--"}
{"timestamp": 1788442777728, "out1": "-3.6", "out2": "--", "out3": "--"}
{"timestamp": 1788442777828, "out1": "-2.7", "out2": "-4.0", "out3": "--"}
{"timestamp": 1788442777928, "out1": "-0.9", "out2": "--", "out3": "--"}
{"timestamp": 1788442778028, "out1": "0.5", "out2": "-5.0", "out3": "5.0"}
{"timestamp": 1788442778128, "out1": "2.3", "out2": "--", "out3": "--"}
{"timestamp": 1788442778228, "out1": "3.3", "out2": "-4.0", "out3": "--"}
{"timestamp": 1788442778328, "out1": "4.5", "out2": "--", "out3": "--"}
{"timestamp": 1788442778428, "out1": "4.8", "out2": "-3.0", "out3": "--"}
{"timestamp": 1788442778528, "out1": "5.0", "out2": "--", "out3": "5.0"}
{"timestamp": 1788442778628, "out1": "4.5", "out2": "-2.0", "out3": "--"}
{"timestamp": 1788442778728, "out1": "3.6", "out2": "--", "out3": "--"}
{"timestamp": 1788442778828, "out1": "--", "out2": "-1.0", "out3": "--"}
{"timestamp": 1788442778928, "out1": "0.9", "out2": "--", "out3": "--"}
{"timestamp": 1788442779028, "out1": "-0.6", "out2": "--", "out3": "5.0"}
{"timestamp": 1788442779128, "out1": "-2.0", "out2": "--", "out3": "--"}
{"timestamp": 1788442779228, "out1": "-3.3", "out2": "1.0", "out3": "--"}
{"timestamp": 1788442779328, "out1": "-4.5", "out2": "--", "out3": "--"}
{"timestamp": 1788442779428, "out1": "-4.8", "out2": "2.0", "out3": "--"}
{"timestamp": 1788442779528, "out1": "-5.0", "out2": "--", "out3": "5.0"}
{"timestamp": 1788442779628, "out1": "--", "out2": "3.0", "out3": "--"}
{"timestamp": 1788442779728, "out1": "-4.0", "out2": "--", "out3": "--"}
{"timestamp": 1788442779828, "out1": "-3.1", "out2": "4.0", "out3": "--"}
{"timestamp": 1788442779928, "out1": "-0.8", "out2": "--", "out3": "--"}
{"timestamp": 1788442780028, "out1": "0.6", "out2": "5.0", "out3": "5.0"}
{"timestamp": 1788442780128, "out1": "1.8", "out2": "--", "out3": "--"}
{"timestamp": 1788442780228, "out1": "3.4", "out2": "4.0", "out3": "--"}
{"timestamp": 1788442780328, "out1": "4.0", "out2": "--", "out3": "--"}
{"timestamp": 1788442780428, "out1": "4.9", "out2": "3.0", "out3": "--"}
{"timestamp": 1788442780528, "out1": "5.0", "out2": "--", "out3": "0.0"}
{"timestamp": 1788442780628, "out1": "4.6", "out2": "2.0", "out3": "--"}
{"timestamp": 1788442780728, "out1": "3.9", "out2": "--", "out3": "--"}
{"timestamp": 1788442780828, "out1": "2.3", "out2": "1.0", "out3": "--"}
{"timestamp": 1788442780928, "out1": "0.9", "out2": "--", "out3": "--"}
{"timestamp": 1788442781028, "out1": "-0.5", "out2": "0.0", "out3": "0.0"}
{"timestamp": 1788442781128, "out1": "-2.0", "out2": "--", "out3": "--"}
{"timestamp": 1788442781228, "out1": "-3.4", "out2": "-1.0", "out3": "--"}
{"timestamp": 1788442781328, "out1": "-4.5", "out2": "--", "out3": "--"}
{"timestamp": 1788442781428, "out1": "-4.9", "out2": "--", "out3": "--"}
{"timestamp": 1788442781528, "out1": "-4.9", "out2": "--", "out3": "5.0"}
{"timestamp": 1788442781628, "out1": "-4.6", "out2": "-3.0", "out3": "--"}
{"timestamp": 1788442781728, "out1": "-3.5", "out2": "--", "out3": "--"}
{"timestamp": 1788442781828, "out1": "-2.8", "out2": "-4.0", "out3": "--"}
{"timestamp": 1788442781928, "out1": "-0.8", "out2": "--", "out3": "--"}
{"timestamp": 1788442782028, "out1": "0.6", "out2": "-5.0", "out3": "5.0"}
{"timestamp": 1788442782128, "out1": "2.1", "out2": "--", "out3": "--"}
{"timestamp": 1788442782228, "out1": "3.1", "out2": "-4.0", "out3": "--"}
{"timestamp": 1788442782328, "out1": "4.4", "out2": "--", "out3": "--"}
{"timestamp": 1788442782428, "out1": "4.8", "out2": "-3.0", "out3": "--"}
{"timestamp": 1788442782528, "out1": "5.0", "out2": "--", "out3": "5.0"}
{"timestamp": 1788442782628, "out1": "4.5", "out2": "-2.0", "out3": "--"}
{"timestamp": 1788442782728, "out1": "4.0", "out2": "--", "out3": "--"}
{"timestamp": 1788442782828, "out1": "3.5", "out2": "-1.0", "out3": "--"}
{"timestamp": 1788442782928, "out1": "0.9", "out2": "--", "out3": "--"}
{"timestamp": 1788442783028, "out1": "-0.3", "out2": "--", "out3": "5.0"}
{"timestamp": 1788442783128, "out1": "-2.0", "out2": "--", "out3": "--"}
{"timestamp": 1788442783228, "out1": "-2.8", "out2": "1.0", "out3": "--"}
{"timestamp": 1788442783328, "out1": "-4.5", "out2": "--", "out3": "--"}
{"timestamp": 1788442783428, "out1": "-4.9", "out2": "2.0", "out3": "--"}
{"timestamp": 1788442783528, "out1": "-5.0", "out2": "--", "out3": "5.0"}
{"timestamp": 1788442783628, "out1": "-4.8", "out2": "3.0", "out3": "--"}
{"timestamp": 1788442783728, "out1": "-3.5", "out2": "--", "out3": "--"}
{"timestamp": 1788442783828, "out1": "-2.7", "out2": "4.0", "out3": "--"}
{"timestamp": 1788442783928, "out1": "-1.1", "out2": "--", "out3": "--"}
{"timestamp": 1788442784028, "out1": "0.6", "out2": "5.0", "out3": "5.0"}
{"timestamp": 1788442784128, "out1": "2.0", "out2": "--", "out3": "--"}
{"timestamp": 1788442784228, "out1": "3.2", "out2": "4.0", "out3": "--"}
{"timestamp": 1788442784328, "out1": "4.2", "out2": "--", "out3": "--"}
{"timestamp": 1788442784428, "out1": "4.5", "out2": "3.0", "out3": "--"}
{"timestamp": 1788442784528, "out1": "5.0", "out2": "--", "out3": "5.0"}
{"timestamp": 1788442784628, "out1": "4.5", "out2": "2.0", "out3": "--"}
{"timestamp": 1788442784728, "out1": "4.0", "out2": "--", "out3": "--"}
{"timestamp": 1788442784828, "out1": "2.8", "out2": "1.0", "out3": "--"}
{"timestamp": 1788442784928, "out1": "1.1", "out2": "--", "out3": "--"}
{"timestamp": 1788442785028, "out1": "-0.8", "out2": "0.0", "out3": "5.0"}
{"timestamp": 1788442785128, "out1": "-2.1", "out2": "--", "out3": "--"}
{"timestamp": 1788442785228, "out1": "-3.5", "out2": "-1.0", "out3": "--"}
{"timestamp": 1788442785328, "out1": "-4.5", "out2": "--", "out3": "--"}
{"timestamp": 1788442785428, "out1": "-4.9", "out2": "--", "out3": "--"}
{"timestamp": 1788442785528, "out1": "-5.0", "out2": "--", "out3": "5.0"}
{"timestamp": 1788442785628, "out1": "-4.5", "out2": "-3.0", "out3": "--"}
{"timestamp": 1788442785728, "out1": "-3.5", "out2": "--", "out3": "--"}
{"timestamp": 1788442785828, "out1": "-2.7", "out2": "-4.0", "out3": "--"}
{"timestamp": 1788442785928, "out1": "-0.9", "out2": "--", "out3": "--"}
{"timestamp": 1788442786028, "out1": "0.5", "out2": "-5.0", "out3": "5.0"}
{"timestamp": 1788442786128, "out1": "2.0", "out2": "--", "out3": "--"}
{"timestamp": 1788442786228, "out1": "3.5", "out2": "-4.0", "out3": "--"}
{"timestamp": 1788442786328, "out1": "4.4", "out2": "--", "out3": "--"}
{"timestamp": 1788442786428, "out1": "4.9", "out2": "-3.0", "out3": "--"}
{"timestamp": 1788442786528, "out1": "5.0", "out2": "--", "out3": "0.0"}
{"timestamp": 1788442786628, "out1": "4.5", "out2": "--", "out3": "--"}
{"timestamp": 1788442786728, "out1": "3.6", "out2": "--", "out3": "--"}
{"timestamp": 1788442786828, "out1": "2.7", "out2": "-1.0", "out3": "--"}
{"timestamp": 1788442786928, "out1": "0.9", "out2": "--", "out3": "--"}
{"timestamp": 1788442787028, "out1": "-0.6", "out2": "-0.0", "out3": "0.0"}
{"timestamp": 1788442787128, "out1": "-2.0", "out2": "--", "out3": "--"}
{"timestamp": 1788442787228, "out1": "-3.5", "out2": "1.0", "out3": "--"}
{"timestamp": 1788442787328, "out1": "-4.4", "out2": "--", "out3": "--"}
{"timestamp": 1788442787428, "out1": "-4.8", "out2": "2.0", "out3": "--"}
{"timestamp": 1788442787528, "out1": "-5.0", "out2": "--", "out3": "0.0"}
{"timestamp": 1788442787628, "out1": "-4.6", "out2": "3.0", "out3": "--"}
{"timestamp": 1788442787728, "out1": "--", "out2": "--", "out3": "--"}
{"timestamp": 1788442787828, "out1": "-2.8", "out2": "4.0", "out3": "--"}
{"timestamp": 1788442787928, "out1": "-0.8", "out2": "--", "out3": "--"}
{"timestamp": 1788442788028, "out1": "0.0", "out2": "5.0", "out3": "0.0"}
{"timestamp": 1788442788128, "out1": "2.1", "out2": "--", "out3": "--"}
{"timestamp": 1788442788228, "out1": "3.2", "out2": "4.0", "out3": "--"}
{"timestamp": 1788442788328, "out1": "4.4", "out2": "--", "out3": "--"}
{"timestamp": 1788442788428, "out1": "4.9", "out2": "3.0", "out3": "--"}
{"timestamp": 1788442788528, "out1": "4.9", "out2": "--", "out3": "5.0"}
{"timestamp": 1788442788628, "out1": "4.8", "out2": "2.0", "out3": "--"}
{"timestamp": 1788442788728, "out1": "3.6", "out2": "--", "out3": "--"}
{"timestamp": 1788442788828, "out1": "2.4", "out2": "1.0", "out3": "--"}
{"timestamp": 1788442788928, "out1": "0.8", "out2": "--", "out3": "--"}
{"timestamp": 1788442789028, "out1": "-0.6", "out2": "0.0", "out3": "5.0"}
{"timestamp": 1788442789128, "out1": "-2.3", "out2": "--", "out3": "--"}
{"timestamp": 1788442789228, "out1": "-3.2", "out2": "--", "out3": "--"}
{"timestamp": 1788442789328, "out1": "-4.4", "out2": "--", "out3": "--"}
{"timestamp": 1788442789428, "out1": "-4.8", "out2": "-2.0", "out3": "--"}
{"timestamp": 1788442789528, "out1": "-5.0", "out2": "--", "out3": "5.0"}
{"timestamp": 1788442789628, "out1": "-4.6", "out2": "-3.0", "out3": "--"}
{"timestamp": 1788442789728, "out1": "-3.6", "out2": "--", "out3": "--"}
{"timestamp": 1788442789828, "out1": "-2.3", "out2": "-4.0", "out3": "--"}
{"timestamp": 1788442789928, "out1": "-1.4", "out2": "--", "out3": "--"}
{"timestamp": 1788442790028, "out1": "0.8", "out2": "-5.0", "out3": "5.0"}
{"timestamp": 1788442790128, "out1": "1.8", "out2": "--", "out3": "--"}
{"timestamp": 1788442790228, "out1": "3.5", "out2": "--", "out3": "--"}
{"timestamp": 1788442790328, "out1": "3.8", "out2": "--", "out3": "--"}
{"timestamp": 1788442790428, "out1": "4.9", "out2": "-3.0", "out3": "--"}
{"timestamp": 1788442790528, "out1": "5.0", "out2": "--", "out3": "5.0"}
{"timestamp": 1788442790628, "out1": "4.5", "out2": "-2.0", "out3": "--"}
{"timestamp": 1788442790728, "out1": "3.6", "out2": "--", "out3": "--"}
{"timestamp": 1788442790828, "out1": "2.4", "out2": "-1.0", "out3": "--"}
{"timestamp": 1788442790928, "out1": "0.9", "out2": "--", "out3": "--"}
{"timestamp": 1788442791028, "out1": "-0.8", "out2": "-0.0", "out3": "5.0"}
{"timestamp": 1788442791128, "out1": "-1.7", "out2": "--", "out3": "--"}
{"timestamp": 1788442791228, "out1": "-3.2", "out2": "1.0", "out3": "--"}
{"timestamp": 1788442791328, "out1": "-4.4", "out2": "--", "out3": "--"}
{"timestamp": 1788442791428, "out1": "-4.7", "out2": "2.0", "out3": "--"}
{"timestamp": 1788442791528, "out1": "-5.0", "out2": "--", "out3": "0.0"}
{"timestamp": 1788442791628, "out1": "-4.5", "out2": "3.0", "out3": "--"}
{"timestamp": 1788442791728, "out1": "-3.9", "out2": "--", "out3": "--"}
{"timestamp": 1788442791828, "out1": "-2.4", "out2": "4.0", "out3": "--"}
{"timestamp": 1788442791928, "out1": "-1.5", "out2": "--", "out3": "--"}
{"timestamp": 1788442792028, "out1": "0.3", "out2": "5.0", "out3": "0.0"}
{"timestamp": 1788442792128, "out1": "2.1", "out2": "--", "out3": "--"}
{"timestamp": 1788442792228, "out1": "3.5", "out2": "4.0", "out3": "--"}
{"timestamp": 1788442792328, "out1": "4.3", "out2": "--", "out3": "--"}
{"timestamp": 1788442792428, "out1": "4.8", "out2": "3.0", "out3": "--"}
{"timestamp": 1788442792528, "out1": "5.0", "out2": "--", "out3": "0.0"}
{"timestamp": 1788442792628, "out1": "4.6", "out2": "2.0", "out3": "--"}
{"timestamp": 1788442792728, "out1": "3.6", "out2": "--", "out3": "--"}
{"timestamp": 1788442792828, "out1": "2.5", "out2": "1.0", "out3": "--"}
{"timestamp": 1788442792928, "out1": "0.8", "out2": "--", "out3": "--"}
{"timestamp": 1788442793028, "out1": "-0.6", "out2": "0.0", "out3": "0.0"}
{"timestamp": 1788442793128, "out1": "-1.8", "out2": "--", "out3": "--"}
{"timestamp": 1788442793228, "out1": "-3.5", "out2": "-1.0", "out3": "--"}
{"timestamp": 1788442793328, "out1": "-4.0", "out2": "--", "out3": "--"}
{"timestamp": 1788442793428, "out1": "-4.9", "out2": "-2.0", "out3": "--"}
{"timestamp": 1788442793528, "out1": "-5.0", "out2": "--", "out3": "5.0"}
{"timestamp": 1788442793628, "out1": "-4.6", "out2": "-3.0", "out3": "--"}
{"timestamp": 1788442793728, "out1": "-4.3", "out2": "--", "out3": "--"}
{"timestamp": 1788442793828, "out1": "-2.4", "out2": "-4.0", "out3": "--"}
{"timestamp": 1788442793928, "out1": "-0.8", "out2": "--", "out3": "--"}
{"timestamp": 1788442794028, "out1": "0.0", "out2": "-5.0", "out3": "5.0"}
{"timestamp": 1788442794128, "out1": "2.3", "out2": "--", "out3": "--"}
{"timestamp": 1788442794228, "out1": "2.9", "out2": "-4.0", "out3": "--"}
{"timestamp": 1788442794328, "out1": "4.5", "out2": "--", "out3": "--"}
{"timestamp": 1788442794428, "out1": "4.9", "out2": "-3.0", "out3": "--"}
{"timestamp": 1788442794528, "out1": "5.0", "out2": "--", "out3": "5.0"}
{"timestamp": 1788442794628, "out1": "4.6", "out2": "-2.0", "out3": "--"}
{"timestamp": 1788442794728, "out1": "3.6", "out2": "--", "out3": "--"}
{"timestamp": 1788442794828, "out1": "2.3", "out2": "-1.0", "out3": "--"}
{"timestamp": 1788442794928, "out1": "0.8", "out2": "--", "out3": "--"}
{"timestamp": 1788442795028, "out1": "-0.5", "out2": "-0.0", "out3": "5.0"}
{"timestamp": 1788442795128, "out1": "-1.7", "out2": "--", "out3": "--"}
{"timestamp": 1788442795228, "out1": "-3.3", "out2": "1.0", "out3": "--"}
{"timestamp": 1788442795328, "out1": "-4.4", "out2": "--", "out3": "--"}
{"timestamp": 1788442795428, "out1": "-4.6", "out2": "2.0", "out3": "--"}
{"timestamp": 1788442795528, "out1": "-5.0", "out2": "--", "out3": "0.0"}
{"timestamp": 1788442795628, "out1": "-4.5", "out2": "3.0", "out3": "--"}
{"timestamp": 1788442795728, "out1": "-3.5", "out2": "--", "out3": "--"}
{"timestamp": 1788442795828, "out1": "-3.1", "out2": "4.0", "out3": "--"}
{"timestamp": 1788442795928, "out1": "-0.9", "out2": "--", "out3": "--"}
{"timestamp": 1788442796028, "out1": "0.6", "out2": "5.0", "out3": "0.0"}
{"timestamp": 1788442796128, "out1": "2.0", "out2": "--", "out3": "--"}
{"timestamp": 1788442796228, "out1": "3.3", "out2": "4.0", "out3": "--"}
{"timestamp": 1788442796328, "out1": "4.2", "out2": "--", "out3": "--"}
{"timestamp": 1788442796428, "out1": "4.9", "out2": "3.0", "out3": "--"}
{"timestamp": 1788442796528, "out1": "5.0", "out2": "--", "out3": "5.0"}
{"timestamp": 1788442796628, "out1": "4.5", "out2": "2.0", "out3": "--"}
{"timestamp": 1788442796728, "out1": "3.5", "out2": "--", "out3": "--"}
{"timestamp": 1788442796828, "out1": "2.3", "out2": "1.0", "out3": "--"}
{"timestamp": 1788442796928, "out1": "1.4", "out2": "--", "out3": "--"}
{"timestamp": 1788442797028, "out1": "-0.6", "out2": "0.0", "out3": "5.0"}
{"timestamp": 1788442797128, "out1": "-1.2", "out2": "--", "out3": "--"}
{"timestamp": 1788442797228, "out1": "-3.1", "out2": "-1.0", "out3": "--"}
{"timestamp": 1788442797328, "out1": "-4.3", "out2": "--", "out3": "--"}
{"timestamp": 1788442797428, "out1": "-4.9", "out2": "-2.0", "out3": "--"}
{"timestamp": 1788442797528, "out1": "-5.0", "out2": "--", "out3": "0.0"}
{"timestamp": 1788442797628, "out1": "-4.5", "out2": "-3.0", "out3": "--"}
{"timestamp": 1788442797728, "out1": "-3.6", "out2": "--", "out3": "--"}
{"timestamp": 1788442797828, "out1": "-2.4", "out2": "-4.0", "out3": "--"}
{"timestamp": 1788442797928, "out1": "-1.2", "out2": "--", "out3": "--"}
{"timestamp": 1788442798028, "out1": "0.6", "out2": "-5.0", "out3": "0.0"}
{"timestamp": 1788442798128, "out1": "1.8", "out2": "--", "out3": "--"}
{"timestamp": 1788442798227, "out1": "3.5", "out2": "-4.0", "out3": "--"}
{"timestamp": 1788442798327, "out1": "4.3", "out2": "--", "out3": "--"}
{"timestamp": 1788442798427, "out1": "4.9", "out2": "-3.0", "out3": "--"}
{"timestamp": 1788442798527, "out1": "5.0", "out2": "--", "out3": "0.0"}
{"timestamp": 1788442798627, "out1": "4.6", "out2": "-2.0", "out3": "--"}
{"timestamp": 1788442798727, "out1": "3.6", "out2": "--", "out3": "--"}
{"timestamp": 1788442798827, "out1": "2.3", "out2": "--", "out3": "--"}
{"timestamp": 1788442798927, "out1": "1.2", "out2": "--", "out3": "--"}
{"timestamp": 1788442799027, "out1": "-0.6", "out2": "-0.0", "out3": "0.0"}
{"timestamp": 1788442799127, "out1": "-2.1", "out2": "--", "out3": "--"}
{"timestamp": 1788442799227, "out1": "-3.4", "out2": "--", "out3": "--"}
{"timestamp": 1788442799327, "out1": "-4.4", "out2": "--", "out3": "--"}
{"timestamp": 1788442799427, "out1": "-4.8", "out2": "2.0", "out3": "--"}
{"timestamp": 1788442799527, "out1": "-5.0", "out2": "--", "out3": "0.0"}
{"timestamp": 1788442799627, "out1": "-4.6", "out2": "--", "out3": "--"}
{"timestamp": 1788442799727, "out1": "-3.5", "out2": "--", "out3": "--"}
{"timestamp": 1788442799827, "out1": "-2.4", "out2": "4.0", "out3": "--"}
{"timestamp": 1788442799927, "out1": "-0.8", "out2": "--", "out3": "--"}
{"timestamp": 1788442800027, "out1": "0.6", "out2": "5.0", "out3": "0.0"}
{"timestamp": 1788442800127, "out1": "2.0", "out2": "--", "out3": "--"}
{"timestamp": 1788442800227, "out1": "2.9", "out2": "4.0", "out3": "--"}
{"timestamp": 1788442800327, "out1": "3.8", "out2": "--", "out3": "--"}
{"timestamp": 1788442800427, "out1": "4.9", "out2": "3.0", "out3": "--"}
{"timestamp": 1788442800527, "out1": "5.0", "out2": "--", "out3": "0.0"}
{"timestamp": 1788442800627, "out1": "4.6", "out2": "2.0", "out3": "--"}
{"timestamp": 1788442800727, "out1": "4.0", "out2": "--", "out3": "--"}
{"timestamp": 1788442800827, "out1": "2.5", "out2": "--", "out3": "--"}
{"timestamp": 1788442800927, "out1": "0.8", "out2": "--", "out3": "--"}
{"timestamp": 1788442801027, "out1": "-0.3", "out2": "--", "out3": "0.0"}
{"timestamp": 1788442801127, "out1": "-2.3", "out2": "--", "out3": "--"}
{"timestamp": 1788442801227, "out1": "-3.1", "out2": "-1.0", "out3": "--"}
{"timestamp": 1788442801327, "out1": "-4.2", "out2": "--", "out3": "--"}
{"timestamp": 1788442801427, "out1": "-4.9", "out2": "-2.0", "out3": "--"}
{"timestamp": 1788442801527, "out1": "-4.9", "out2": "--", "out3": "5.0"}
{"timestamp": 1788442801627, "out1": "-4.6", "out2": "-3.0", "out3": "--"}
{"timestamp": 1788442801727, "out1": "-4.0", "out2": "--", "out3": "--"}
{"timestamp": 1788442801827, "out1": "-2.5", "out2": "-4.0", "out3": "--"}
{"timestamp": 1788442801927, "out1": "-1.4", "out2": "--", "out3": "--"}
{"timestamp": 1788442802027, "out1": "0.5", "out2": "--", "out3": "5.0"}
{"timestamp": 1788442802127, "out1": "2.1", "out2": "--", "out3": "--"}
{"timestamp": 1788442802227, "out1": "3.4", "out2": "-4.0", "out3": "--"}
{"timestamp": 1788442802327, "out1": "4.4", "out2": "--", "out3": "--"}
{"timestamp": 1788442802427, "out1": "4.9", "out2": "-3.0", "out3": "--"}
{"timestamp": 1788442802527, "out1": "5.0", "out2": "--", "out3": "5.0"}
{"timestamp": 1788442802627, "out1": "4.6", "out2": "-2.0", "out3": "--"}
{"timestamp": 1788442802727, "out1": "4.3", "out2": "--", "out3": "--"}
{"timestamp": 1788442802827, "out1": "2.5", "out2": "-1.0", "out3": "--"}
{"timestamp": 1788442802927, "out1": "1.1", "out2": "--", "out3": "--"}
{"timestamp": 1788442803027, "out1": "-0.0", "out2": "-0.0", "out3": "5.0"}
{"timestamp": 1788442803127, "out1": "-2.0", "out2": "--", "out3": "--"}
{"timestamp": 1788442803227, "out1": "-3.2", "out2": "--", "out3": "--"}
{"timestamp": 1788442803327, "out1": "-4.0", "out2": "--", "out3": "--"}
{"timestamp": 1788442803427, "out1": "-4.9", "out2": "2.0", "out3": "--"}
{"timestamp": 1788442803527, "out1": "-5.0", "out2": "--", "out3": "5.0"}
{"timestamp": 1788442803627, "out1": "-4.6", "out2": "3.0", "out3": "--"}
{"timestamp": 1788442803727, "out1": "-3.9", "out2": "--", "out3": "--"}
{"timestamp": 1788442803827, "out1": "-2.3", "out2": "--", "out3": "--"}
{"timestamp": 1788442803927, "out1": "-0.9", "out2": "--", "out3": "--"}
{"timestamp": 1788442804027, "out1": "0.6", "out2": "5.0", "out3": "5.0"}
{"timestamp": 1788442804127, "out1": "1.8", "out2": "--", "out3": "--"}
{"timestamp": 1788442804227, "out1": "3.3", "out2": "4.0", "out3": "--"}
{"timestamp": 1788442804327, "out1": "4.5", "out2": "--", "out3": "--"}
{"timestamp": 1788442804427, "out1": "4.8", "out2": "3.0", "out3": "--"}
{"timestamp": 1788442804527, "out1": "4.9", "out2": "--", "out3": "0.0"}
{"timestamp": 1788442804627, "out1": "4.5", "out2": "2.0", "out3": "--"}
{"timestamp": 1788442804727, "out1": "3.8", "out2": "--", "out3": "--"}
{"timestamp": 1788442804827, "out1": "2.4", "out2": "1.0", "out3": "--"}
{"timestamp": 1788442804927, "out1": "1.1", "out2": "--", "out3": "--"}
{"timestamp": 1788442805027, "out1": "-0.2", "out2": "0.0", "out3": "0.0"}
{"timestamp": 1788442805127, "out1": "-1.8", "out2": "--", "out3": "--"}
{"timestamp": 1788442805227, "out1": "-3.5", "out2": "-1.0", "out3": "--"}
{"timestamp": 1788442805327, "out1": "-4.3", "out2": "--", "out3": "--"}
{"timestamp": 1788442805427, "out1": "-4.9", "out2": "-2.0", "out3": "--"}
{"timestamp": 1788442805527, "out1": "-5.0", "out2": "--", "out3": "5.0"}
{"timestamp": 1788442805627, "out1": "-4.6", "out2": "-3.0", "out3": "--"}
{"timestamp": 1788442805727, "out1": "-3.8", "out2": "--", "out3": "--"}
{"timestamp": 1788442805827, "out1": "-2.4", "out2": "-4.0", "out3": "--"}
{"timestamp": 1788442805927, "out1": "-0.9", "out2": "--", "out3": "--"}
{"timestamp": 1788442806027, "out1": "0.6", "out2": "-5.0", "out3": "5.0"}
{"timestamp": 1788442806127, "out1": "2.3", "out2": "--", "out3": "--"}
{"timestamp": 1788442806227, "out1": "3.3", "out2": "-4.0", "out3": "--"}
{"timestamp": 1788442806327, "out1": "4.4", "out2": "--", "out3": "--"}
{"timestamp": 1788442806427, "out1": "4.9", "out2": "-3.0", "out3": "--"}
{"timestamp": 1788442806527, "out1": "4.9", "out2": "--", "out3": "5.0"}
{"timestamp": 1788442806627, "out1": "4.5", "out2": "-2.0", "out3": "--"}
{"timestamp": 1788442806727, "out1": "3.6", "out2": "--", "out3": "--"}
{"timestamp": 1788442806827, "out1": "3.4", "out2": "-1.0", "out3": "--"}
{"timestamp": 1788442806927, "out1": "0.9", "out2": "--", "out3": "--"}
{"timestamp": 1788442807027, "out1": "-0.5", "out2": "-0.0", "out3": "5.0"}
{"timestamp": 1788442807127, "out1": "-2.1", "out2": "--", "out3": "--"}
{"timestamp": 1788442807227, "out1": "-3.1", "out2": "--", "out3": "--"}
{"timestamp": 1788442807327, "out1": "-3.9", "out2": "--", "out3": "--"}
{"timestamp": 1788442807427, "out1": "-4.9", "out2": "2.0", "out3": "--"}
{"timestamp": 1788442807527, "out1": "-5.0", "out2": "--", "out3": "5.0"}
{"timestamp": 1788442807627, "out1": "-4.8", "out2": "--", "out3": "--"}
{"timestamp": 1788442807727, "out1": "-3.5", "out2": "--", "out3": "--"}
{"timestamp": 1788442807827, "out1": "-2.5", "out2": "4.0", "out3": "--"}
{"timestamp": 1788442807927, "out1": "-0.8", "out2": "--", "out3": "--"}
{"timestamp": 1788442808027, "out1": "0.6", "out2": "--", "out3": "5.0"}
{"timestamp": 1788442808127, "out1": "2.3", "out2": "--", "out3": "--"}
{"timestamp": 1788442808227, "out1": "3.4", "out2": "4.0", "out3": "--"}
{"timestamp": 1788442808327, "out1": "4.5", "out2": "--", "out3": "--"}
{"timestamp": 1788442808427, "out1": "4.8", "out2": "3.0", "out3": "--"}
{"timestamp": 1788442808527, "out1": "4.9", "out2": "--", "out3": "5.0"}
{"timestamp": 1788442808627, "out1": "4.7", "out2": "2.0", "out3": "--"}
{"timestamp": 1788442808727, "out1": "3.6", "out2": "--", "out3": "--"}
{"timestamp": 1788442808827, "out1": "2.4", "out2": "1.0", "out3": "--"}
{"timestamp": 1788442808927, "out1": "1.4", "out2": "--", "out3": "--"}
{"timestamp": 1788442809027, "out1": "-0.5", "out2": "--", "out3": "5.0"}
{"timestamp": 1788442809127, "out1": "-1.8", "out2": "--", "out3": "--"}
{"timestamp": 1788442809227, "out1": "-3.4", "out2": "-1.0", "out3": "--"}
{"timestamp": 1788442809327, "out1": "-4.4", "out2": "--", "out3": "--"}
{"timestamp": 1788442809427, "out1": "-4.9", "out2": "-2.0", "out3": "--"}
{"timestamp": 1788442809527, "out1": "-5.0", "out2": "--", "out3": "5.0"}
{"timestamp": 1788442809627, "out1": "-4.5", "out2": "-3.0", "out3": "--"}
{"timestamp": 1788442809727, "out1": "-3.5", "out2": "--", "out3": "--"}
{"timestamp": 1788442809827, "out1": "-2.5", "out2": "-4.0", "out3": "--"}
{"timestamp": 1788442809927, "out1": "-1.1", "out2": "--", "out3": "--"}
{"timestamp": 1788442810027, "out1": "0.6", "out2": "-5.0", "out3": "5.0"}
{"timestamp": 1788442810127, "out1": "2.3", "out2": "--", "out3": "--"}
{"timestamp": 1788442810227, "out1": "3.3", "out2": "--", "out3": "--"}
{"timestamp": 1788442810327, "out1": "4.3", "out2": "--", "out3": "--"}
{"timestamp": 1788442810427, "out1": "4.9", "out2": "-3.0", "out3": "--"}
{"timestamp": 1788442810527, "out1": "4.9", "out2": "--", "out3": "0.0"}
{"timestamp": 1788442810627, "out1": "4.7", "out2": "-2.0", "out3": "--"}
{"timestamp": 1788442810727, "out1": "3.6", "out2": "--", "out3": "--"}
{"timestamp": 1788442810827, "out1": "2.7", "out2": "-1.0", "out3": "--"}
{"timestamp": 1788442810927, "out1": "0.8", "out2": "--", "out3": "--"}
{"timestamp": 1788442811027, "out1": "-0.2", "out2": "-0.0", "out3": "0.0"}
{"timestamp": 1788442811127, "out1": "-1.8", "out2": "--", "out3": "--"}
{"timestamp": 1788442811227, "out1": "-3.4", "out2": "1.0", "out3": "--"}
{"timestamp": 1788442811327, "out1": "-4.3", "out2": "--", "out3": "--"}
{"timestamp": 1788442811427, "out1": "-4.9", "out2": "--", "out3": "--"}
{"timestamp": 1788442811527, "out1": "-5.0", "out2": "--", "out3": "0.0"}
{"timestamp": 1788442811627, "out1": "-4.5", "out2": "3.0", "out3": "--"}
{"timestamp": 1788442811727, "out1": "-3.6", "out2": "--", "out3": "--"}
{"timestamp": 1788442811827, "out1": "-2.3", "out2": "--", "out3": "--"}
{"timestamp": 1788442811927, "out1": "-0.9", "out2": "--", "out3": "--"}
{"timestamp": 1788442812027, "out1": "0.8", "out2": "5.0", "out3": "0.0"}
{"timestamp": 1788442812127, "out1": "1.8", "out2": "--", "out3": "--"}
{"timestamp": 1788442812227, "out1": "3.1", "out2": "4.0", "out3": "--"}
{"timestamp": 1788442812327, "out1": "4.3", "out2": "--", "out3": "--"}
{"timestamp": 1788442812427, "out1": "4.9", "out2": "3.0", "out3": "--"}
{"timestamp": 1788442812527, "out1": "5.0", "out2": "--", "out3": "0.0"}
{"timestamp": 1788442812627, "out1": "4.6", "out2": "2.0", "out3": "--"}
{"timestamp": 1788442812727, "out1": "3.9", "out2": "--", "out3": "--"}
{"timestamp": 1788442812827, "out1": "2.9", "out2": "1.0", "out3": "--"}
{"timestamp": 1788442812927, "out1": "1.2", "out2": "--", "out3": "--"}
{"timestamp": 1788442813027, "out1": "0.8", "out2": "0.0", "out3": "0.0"}
{"timestamp": 1788442813127, "out1": "-2.0", "out2": "--", "out3": "--"}
{"timestamp": 1788442813227, "out1": "-3.5", "out2": "-1.0", "out3": "--"}
{"timestamp": 1788442813327, "out1": "-4.3", "out2": "--", "out3": "--"}
{"timestamp": 1788442813427, "out1": "-4.6", "out2": "-2.0", "out3": "--"}
{"timestamp": 1788442813527, "out1": "-5.0", "out2": "--", "out3": "5.0"}
{"timestamp": 1788442813627, "out1": "-4.7", "out2": "-3.0", "out3": "--"}
{"timestamp": 1788442813727, "out1": "-4.0", "out2": "--", "out3": "--"}
{"timestamp": 1788442813827, "out1": "-2.5", "out2": "-4.0", "out3": "--"}
{"timestamp": 1788442813927, "out1": "-0.8", "out2": "--", "out3": "--"}
{"timestamp": 1788442814027, "out1": "0.6", "out2": "-5.0", "out3": "5.0"}
{"timestamp": 1788442814127, "out1": "2.3", "out2": "--", "out3": "--"}
{"timestamp": 1788442814227, "out1": "3.5", "out2": "-4.0", "out3": "--"}
{"timestamp": 1788442814327, "out1": "4.1", "out2": "--", "out3": "--"}
{"timestamp": 1788442814427, "out1": "4.9", "out2": "-3.0", "out3": "--"}
{"timestamp": 1788442814527, "out1": "5.0", "out2": "--", "out3": "5.0"}
{"timestamp": 1788442814627, "out1": "4.6", "out2": "-2.0", "out3": "--"}
{"timestamp": 1788442814727, "out1": "3.8", "out2": "--", "out3": "--"}
{"timestamp": 1788442814827, "out1": "2.5", "out2": "-1.0", "out3": "--"}
{"timestamp": 1788442814927, "out1": "0.8", "out2": "--", "out3": "--"}
{"timestamp": 1788442815027, "out1": "-0.8", "out2": "-0.0", "out3": "5.0"}
{"timestamp": 1788442815127, "out1": "-2.0", "out2": "--", "out3": "--"}
{"timestamp": 1788442815227, "out1": "-3.4", "out2": "1.0", "out3": "--"}
{"timestamp": 1788442815327, "out1": "-4.4", "out2": "--", "out3": "--"}
{"timestamp": 1788442815427, "out1": "-4.9", "out2": "2.0", "out3": "--"}
{"timestamp": 1788442815527, "out1": "-5.0", "out2": "--", "out3": "5.0"}
{"timestamp": 1788442815627, "out1": "-4.5", "out2": "3.0", "out3": "--"}
{"timestamp": 1788442815727, "out1": "-4.0", "out2": "--", "out3": "--"}
{"timestamp": 1788442815827, "out1": "-2.5", "out2": "4.0", "out3": "--"}
{"timestamp": 1788442815927, "out1": "-0.8", "out2": "--", "out3": "--"}
{"timestamp": 1788442816027, "out1": "0.2", "out2": "5.0", "out3": "5.0"}
{"timestamp": 1788442816127, "out1": "2.1", "out2": "--", "out3": "--"}
{"timestamp": 1788442816227, "out1": "3.3", "out2": "4.0", "out3": "--"}
{"timestamp": 1788442816327, "out1": "4.4", "out2": "--", "out3": "--"}
{"timestamp": 1788442816427, "out1": "4.9", "out2": "--", "out3": "--"}
{"timestamp": 1788442816527, "out1": "5.0", "out2": "--", "out3": "0.0"}
{"timestamp": 1788442816627, "out1": "4.7", "out2": "2.0", "out3": "--"}
{"timestamp": 1788442816727, "out1": "3.9", "out2": "--", "out3": "--"}
{"timestamp": 1788442816827, "out1": "2.4", "out2": "1.0", "out3": "--"}
{"timestamp": 1788442816927, "out1": "1.5", "out2": "--", "out3": "--"}
{"timestamp": 